// Jest Snapshot v1, https://goo.gl/fbAQLP

exports[`ProjectTeamsSettings render() renders 1`] = `
<SideEffect(DocumentTitle)
  title="Sentry"
>
  <div>
    <SettingsPageHeading
      title="Teams"
    />
    <Panel>
      <PanelHeader
        hasButtons={true}
      >
        <div>
          Team
        </div>
        <div>
          <DropdownAutoComplete
            alignMenu="right"
            items={
              Array [
                Object {
                  "label": <div
                    className="css-1lqeu7x-teamsToAdd-teamsToAdd"
                  >
                    #
                    team-slug-2
                  </div>,
                  "searchKey": "team-slug-2",
                  "value": "2",
                },
              ]
            }
            menuHeader={
              <StyledTeamsLabel>
                Teams
                <Link
                  style={
                    Object {
                      "float": "right",
                    }
                  }
                  to="/organizations/org-slug/teams/new/"
                >
                  Create Team
                </Link>
              </StyledTeamsLabel>
            }
            onSelect={[Function]}
          />
        </div>
      </PanelHeader>
      <TeamRow
        access={
          Set {
            "org:read",
            "org:write",
            "org:admin",
            "project:read",
            "project:write",
            "project:admin",
            "team:read",
            "team:write",
            "team:admin",
          }
        }
        key="1"
        onRemove={[Function]}
        orgId="org-slug"
        projectId="project-slug"
        team={
          Object {
            "id": "1",
            "name": "Team Name",
            "slug": "team-slug",
          }
        }
        teamCount={1}
      />
    </Panel>
  </div>
</SideEffect(DocumentTitle)>
`;
